// Jest Snapshot v1, https://goo.gl/fbAQLP

exports[`the GamePage component should match the snapshot of the shallow rendered component 1`] = `
<div>
  <h1>
    LeaderBoard
  </h1>
  <ul>
    <li>
      some player
    </li>
  </ul>
</div>
`;
