// Jest Snapshot v1, https://goo.gl/fbAQLP

exports[`the GamePage component should match the snapshot of the shallow rendered component 1`] = `
<o
  forwardRef={null}
/>
`;
